// Jest Snapshot v1, https://goo.gl/fbAQLP

exports[`Card should match the snapshot 1`] = `
ShallowWrapper {
  "length": 1,
  Symbol(enzyme.__root__): [Circular],
  Symbol(enzyme.__unrendered__): <Card
    data={
        Object {
            "data": Object {
              "2006": 0.85,
            },
            "location": "Denver",
          }
    }
/>,
  Symbol(enzyme.__renderer__): Object {
    "batchedUpdates": [Function],
    "getNode": [Function],
    "render": [Function],
    "simulateEvent": [Function],
    "unmount": [Function],
  },
  Symbol(enzyme.__node__): Object {
    "instance": null,
    "key": undefined,
    "nodeType": "host",
    "props": Object {
      "children": Array [
        <h1
          className="district-name"
/>,
        <ul
          className="district-data"
>
          <li
                    className="below"
          >
                    location
                    : 
                    Denver
          </li>
          <li
                    className="below"
          >
                    data
                    : 
                    Object {
                              "2006": 0.85,
                            }
          </li>
</ul>,
      ],
      "className": "card undefined",
      "id": undefined,
      "onClick": undefined,
    },
    "ref": null,
    "rendered": Array [
      Object {
        "instance": null,
        "key": undefined,
        "nodeType": "host",
        "props": Object {
          "children": undefined,
          "className": "district-name",
        },
        "ref": null,
        "rendered": null,
        "type": "h1",
      },
      Object {
        "instance": null,
        "key": undefined,
        "nodeType": "host",
        "props": Object {
          "children": Array [
            <li
              className="below"
>
              location
              : 
              Denver
</li>,
            <li
              className="below"
>
              data
              : 
              Object {
                            "2006": 0.85,
                          }
</li>,
          ],
          "className": "district-data",
        },
        "ref": null,
        "rendered": Array [
          Object {
            "instance": null,
            "key": undefined,
            "nodeType": "host",
            "props": Object {
              "children": Array [
                "location",
                ": ",
                "Denver",
              ],
              "className": "below",
            },
            "ref": null,
            "rendered": Array [
              "location",
              ": ",
              "Denver",
            ],
            "type": "li",
          },
          Object {
            "instance": null,
            "key": undefined,
            "nodeType": "host",
            "props": Object {
              "children": Array [
                "data",
                ": ",
                Object {
                  "2006": 0.85,
                },
              ],
              "className": "below",
            },
            "ref": null,
            "rendered": Array [
              "data",
              ": ",
              Object {
                "2006": 0.85,
              },
            ],
            "type": "li",
          },
        ],
        "type": "ul",
      },
    ],
    "type": "div",
  },
  Symbol(enzyme.__nodes__): Array [
    Object {
      "instance": null,
      "key": undefined,
      "nodeType": "host",
      "props": Object {
        "children": Array [
          <h1
            className="district-name"
/>,
          <ul
            className="district-data"
>
            <li
                        className="below"
            >
                        location
                        : 
                        Denver
            </li>
            <li
                        className="below"
            >
                        data
                        : 
                        Object {
                                    "2006": 0.85,
                                  }
            </li>
</ul>,
        ],
        "className": "card undefined",
        "id": undefined,
        "onClick": undefined,
      },
      "ref": null,
      "rendered": Array [
        Object {
          "instance": null,
          "key": undefined,
          "nodeType": "host",
          "props": Object {
            "children": undefined,
            "className": "district-name",
          },
          "ref": null,
          "rendered": null,
          "type": "h1",
        },
        Object {
          "instance": null,
          "key": undefined,
          "nodeType": "host",
          "props": Object {
            "children": Array [
              <li
                className="below"
>
                location
                : 
                Denver
</li>,
              <li
                className="below"
>
                data
                : 
                Object {
                                "2006": 0.85,
                              }
</li>,
            ],
            "className": "district-data",
          },
          "ref": null,
          "rendered": Array [
            Object {
              "instance": null,
              "key": undefined,
              "nodeType": "host",
              "props": Object {
                "children": Array [
                  "location",
                  ": ",
                  "Denver",
                ],
                "className": "below",
              },
              "ref": null,
              "rendered": Array [
                "location",
                ": ",
                "Denver",
              ],
              "type": "li",
            },
            Object {
              "instance": null,
              "key": undefined,
              "nodeType": "host",
              "props": Object {
                "children": Array [
                  "data",
                  ": ",
                  Object {
                    "2006": 0.85,
                  },
                ],
                "className": "below",
              },
              "ref": null,
              "rendered": Array [
                "data",
                ": ",
                Object {
                  "2006": 0.85,
                },
              ],
              "type": "li",
            },
          ],
          "type": "ul",
        },
      ],
      "type": "div",
    },
  ],
  Symbol(enzyme.__options__): Object {
    "adapter": ReactSixteenAdapter {
      "options": Object {
        "enableComponentDidUpdateOnSetState": true,
      },
    },
  },
}
`;
